Starting a Gradle Daemon, 1 incompatible and 1 stopped Daemons could not be reused, use --status for details
> Task :app:checkKotlinGradlePluginConfigurationErrors
> Task :app:preBuild UP-TO-DATE
> Task :app:preFullDebugBuild UP-TO-DATE
> Task :app:generateFullDebugBuildConfig UP-TO-DATE
> Task :app:generateFullDebugResValues UP-TO-DATE
> Task :app:mapFullDebugSourceSetPaths UP-TO-DATE
> Task :app:generateFullDebugResources UP-TO-DATE
> Task :app:checkFullDebugAarMetadata
> Task :app:mergeFullDebugResources UP-TO-DATE
> Task :app:packageFullDebugResources UP-TO-DATE
> Task :app:parseFullDebugLocalResources UP-TO-DATE
> Task :app:createFullDebugCompatibleScreenManifests UP-TO-DATE
> Task :app:extractDeepLinksFullDebug UP-TO-DATE
> Task :app:processFullDebugMainManifest
> Task :app:processFullDebugManifest UP-TO-DATE
> Task :app:processFullDebugManifestForPackage UP-TO-DATE
> Task :app:processFullDebugResources

> Task :app:compileFullDebugKotlin
e: file:///G:/WorkBuddy/SolaraAndroid/app/src/main/java/com/solara/music/customsource/CustomSourceManager.kt:89:59 Unresolved reference: launch
e: file:///G:/WorkBuddy/SolaraAndroid/app/src/main/java/com/solara/music/customsource/CustomSourceManager.kt:90:13 Suspend function 'loadActive' should be called only from a coroutine or another suspend function
e: file:///G:/WorkBuddy/SolaraAndroid/app/src/main/java/com/solara/music/customsource/CustomSourceManager.kt:133:40 Unresolved reference: parseMeta
e: file:///G:/WorkBuddy/SolaraAndroid/app/src/main/java/com/solara/music/customsource/CustomSourceManager.kt:170:33 Unresolved reference: ScriptMeta
e: file:///G:/WorkBuddy/SolaraAndroid/app/src/main/java/com/solara/music/customsource/CustomSourceManager.kt:255:37 Unresolved reference: ScriptMeta
e: file:///G:/WorkBuddy/SolaraAndroid/app/src/main/java/com/solara/music/customsource/CustomSourceSandbox.kt:391:6 Missing '}
e: file:///G:/WorkBuddy/SolaraAndroid/app/src/main/java/com/solara/music/customsource/CustomSourceSandbox.kt:433:1 Unclosed comment
e: file:///G:/WorkBuddy/SolaraAndroid/app/src/main/java/com/solara/music/customsource/CustomSourceSandbox.kt:107:15 Unresolved reference: ScriptMeta
e: file:///G:/WorkBuddy/SolaraAndroid/app/src/main/java/com/solara/music/customsource/CustomSourceSandbox.kt:120:59 Unresolved reference: ScriptMeta
e: file:///G:/WorkBuddy/SolaraAndroid/app/src/main/java/com/solara/music/customsource/CustomSourceSandbox.kt:360:16 Unresolved reference: withTimeoutOrNull
e: file:///G:/WorkBuddy/SolaraAndroid/app/src/main/java/com/solara/music/customsource/CustomSourceSandbox.kt:361:13 Suspension functions can be called only within coroutine body

> Task :app:compileFullDebugKotlin FAILED

FAILURE: Build failed with an exception.

* What went wrong:
Execution failed for task ':app:compileFullDebugKotlin'.
> A failure occurred while executing org.jetbrains.kotlin.compilerRunner.GradleCompilerRunnerWithWorkers$GradleKotlinCompilerWorkAction
   > Compilation error. See log for more details

* Try:
> Run with --stacktrace option to get the stack trace.
> Run with --info or --debug option to get more log output.
> Run with --scan to get full insights.
> Get more help at https://help.gradle.org.

BUILD FAILED in 41s
15 actionable tasks: 5 executed, 10 up-to-date
