Starting a Gradle Daemon, 1 incompatible and 3 stopped Daemons could not be reused, use --status for details
> Task :app:preBuild UP-TO-DATE
> Task :app:preFullDebugBuild UP-TO-DATE
> Task :app:mergeFullDebugNativeDebugMetadata NO-SOURCE
> Task :app:checkKotlinGradlePluginConfigurationErrors
> Task :app:generateFullDebugBuildConfig UP-TO-DATE
> Task :app:checkFullDebugAarMetadata UP-TO-DATE
> Task :app:generateFullDebugResValues UP-TO-DATE
> Task :app:mapFullDebugSourceSetPaths UP-TO-DATE
> Task :app:generateFullDebugResources UP-TO-DATE
> Task :app:mergeFullDebugResources UP-TO-DATE
> Task :app:packageFullDebugResources UP-TO-DATE
> Task :app:parseFullDebugLocalResources UP-TO-DATE
> Task :app:createFullDebugCompatibleScreenManifests UP-TO-DATE
> Task :app:extractDeepLinksFullDebug UP-TO-DATE
> Task :app:processFullDebugMainManifest UP-TO-DATE
> Task :app:processFullDebugManifest UP-TO-DATE
> Task :app:processFullDebugManifestForPackage UP-TO-DATE
> Task :app:processFullDebugResources UP-TO-DATE
> Task :app:javaPreCompileFullDebug UP-TO-DATE
> Task :app:mergeFullDebugShaders UP-TO-DATE
> Task :app:compileFullDebugShaders NO-SOURCE
> Task :app:generateFullDebugAssets UP-TO-DATE
> Task :app:mergeFullDebugAssets UP-TO-DATE
> Task :app:compressFullDebugAssets UP-TO-DATE
> Task :app:checkFullDebugDuplicateClasses UP-TO-DATE
> Task :app:desugarFullDebugFileDependencies UP-TO-DATE
> Task :app:mergeExtDexFullDebug UP-TO-DATE
> Task :app:mergeLibDexFullDebug UP-TO-DATE
> Task :app:preLiteDebugBuild UP-TO-DATE
> Task :app:configureCMakeDebug[arm64-v8a]
> Task :app:buildCMakeDebug[arm64-v8a]
> Task :app:mergeFullDebugJniLibFolders UP-TO-DATE
> Task :app:mergeFullDebugNativeLibs UP-TO-DATE
> Task :app:stripFullDebugDebugSymbols UP-TO-DATE
> Task :app:validateSigningFullDebug UP-TO-DATE
> Task :app:writeFullDebugAppMetadata UP-TO-DATE
> Task :app:writeFullDebugSigningConfigVersions UP-TO-DATE
> Task :app:mergeLiteDebugNativeDebugMetadata NO-SOURCE
> Task :app:generateLiteDebugBuildConfig UP-TO-DATE
> Task :app:checkLiteDebugAarMetadata UP-TO-DATE
> Task :app:generateLiteDebugResValues UP-TO-DATE
> Task :app:mapLiteDebugSourceSetPaths UP-TO-DATE
> Task :app:generateLiteDebugResources UP-TO-DATE
> Task :app:mergeLiteDebugResources UP-TO-DATE
> Task :app:packageLiteDebugResources UP-TO-DATE
> Task :app:parseLiteDebugLocalResources UP-TO-DATE
> Task :app:createLiteDebugCompatibleScreenManifests UP-TO-DATE
> Task :app:extractDeepLinksLiteDebug UP-TO-DATE
> Task :app:processLiteDebugMainManifest UP-TO-DATE
> Task :app:processLiteDebugManifest UP-TO-DATE
> Task :app:processLiteDebugManifestForPackage UP-TO-DATE
> Task :app:processLiteDebugResources UP-TO-DATE
> Task :app:javaPreCompileLiteDebug UP-TO-DATE
> Task :app:mergeLiteDebugShaders UP-TO-DATE
> Task :app:compileLiteDebugShaders NO-SOURCE
> Task :app:generateLiteDebugAssets UP-TO-DATE
> Task :app:mergeLiteDebugAssets UP-TO-DATE
> Task :app:compressLiteDebugAssets UP-TO-DATE
> Task :app:checkLiteDebugDuplicateClasses UP-TO-DATE
> Task :app:desugarLiteDebugFileDependencies UP-TO-DATE
> Task :app:mergeExtDexLiteDebug UP-TO-DATE
> Task :app:mergeLibDexLiteDebug UP-TO-DATE
> Task :app:mergeLiteDebugJniLibFolders UP-TO-DATE
> Task :app:mergeLiteDebugNativeLibs UP-TO-DATE
> Task :app:stripLiteDebugDebugSymbols UP-TO-DATE
> Task :app:validateSigningLiteDebug UP-TO-DATE
> Task :app:writeLiteDebugAppMetadata UP-TO-DATE
> Task :app:writeLiteDebugSigningConfigVersions UP-TO-DATE

> Task :app:compileFullDebugKotlin
w: file:///G:/WorkBuddy/SolaraAndroid/app/src/main/java/com/solara/music/player/PlayerManager.kt:889:72 There is more than one label with such a name in this scope
w: file:///G:/WorkBuddy/SolaraAndroid/app/src/main/java/com/solara/music/ui/player/PlayerScreen.kt:626:44 Unnecessary safe call on a non-null receiver of type Song?

> Task :app:compileLiteDebugKotlin
w: file:///G:/WorkBuddy/SolaraAndroid/app/src/main/java/com/solara/music/player/PlayerManager.kt:889:72 There is more than one label with such a name in this scope
w: file:///G:/WorkBuddy/SolaraAndroid/app/src/main/java/com/solara/music/ui/player/PlayerScreen.kt:626:44 Unnecessary safe call on a non-null receiver of type Song?

> Task :app:compileFullDebugJavaWithJavac UP-TO-DATE
> Task :app:dexBuilderFullDebug
> Task :app:mergeFullDebugGlobalSynthetics UP-TO-DATE
> Task :app:processFullDebugJavaRes UP-TO-DATE
> Task :app:mergeFullDebugJavaResource UP-TO-DATE
> Task :app:compileLiteDebugJavaWithJavac UP-TO-DATE
> Task :app:mergeProjectDexFullDebug
> Task :app:dexBuilderLiteDebug
> Task :app:mergeLiteDebugGlobalSynthetics UP-TO-DATE
> Task :app:processLiteDebugJavaRes UP-TO-DATE
> Task :app:mergeLiteDebugJavaResource UP-TO-DATE
> Task :app:packageFullDebug
> Task :app:createFullDebugApkListingFileRedirect UP-TO-DATE
> Task :app:assembleFullDebug
> Task :app:mergeProjectDexLiteDebug
> Task :app:packageLiteDebug
> Task :app:createLiteDebugApkListingFileRedirect UP-TO-DATE
> Task :app:assembleLiteDebug

BUILD SUCCESSFUL in 52s
75 actionable tasks: 11 executed, 64 up-to-date
