Starting a Gradle Daemon, 1 incompatible and 5 stopped Daemons could not be reused, use --status for details
> Task :app:buildKotlinToolingMetadata UP-TO-DATE
> Task :app:checkKotlinGradlePluginConfigurationErrors
> Task :app:preBuild UP-TO-DATE
> Task :app:preFullReleaseBuild UP-TO-DATE
> Task :app:generateFullReleaseBuildConfig UP-TO-DATE
> Task :app:checkFullReleaseAarMetadata UP-TO-DATE
> Task :app:generateFullReleaseResValues UP-TO-DATE
> Task :app:mapFullReleaseSourceSetPaths UP-TO-DATE
> Task :app:generateFullReleaseResources UP-TO-DATE
> Task :app:mergeFullReleaseResources UP-TO-DATE
> Task :app:packageFullReleaseResources UP-TO-DATE
> Task :app:parseFullReleaseLocalResources UP-TO-DATE
> Task :app:createFullReleaseCompatibleScreenManifests
> Task :app:extractDeepLinksFullRelease UP-TO-DATE
> Task :app:processFullReleaseMainManifest UP-TO-DATE
> Task :app:processFullReleaseManifest
> Task :app:processFullReleaseManifestForPackage UP-TO-DATE
> Task :app:javaPreCompileFullRelease UP-TO-DATE
> Task :app:extractProguardFiles UP-TO-DATE
> Task :app:preLiteReleaseBuild UP-TO-DATE
> Task :app:configureCMakeRelWithDebInfo[arm64-v8a]
> Task :app:buildCMakeRelWithDebInfo[arm64-v8a]
> Task :app:mergeFullReleaseJniLibFolders UP-TO-DATE
> Task :app:mergeFullReleaseNativeLibs UP-TO-DATE
> Task :app:stripFullReleaseDebugSymbols UP-TO-DATE
> Task :app:extractFullReleaseNativeSymbolTables UP-TO-DATE
> Task :app:mergeFullReleaseNativeDebugMetadata UP-TO-DATE
> Task :app:checkFullReleaseDuplicateClasses UP-TO-DATE
> Task :app:desugarFullReleaseFileDependencies UP-TO-DATE
> Task :app:mergeExtDexFullRelease UP-TO-DATE
> Task :app:processFullReleaseResources
> Task :app:mergeFullReleaseArtProfile UP-TO-DATE
> Task :app:compileFullReleaseKotlin UP-TO-DATE
> Task :app:compileFullReleaseJavaWithJavac UP-TO-DATE
> Task :app:generateFullReleaseLintVitalReportModel UP-TO-DATE
> Task :app:lintVitalAnalyzeFullRelease UP-TO-DATE
> Task :app:lintVitalReportFullRelease UP-TO-DATE
> Task :app:lintVitalFullRelease
> Task :app:dexBuilderFullRelease UP-TO-DATE
> Task :app:mergeDexFullRelease UP-TO-DATE
> Task :app:mergeFullReleaseGlobalSynthetics UP-TO-DATE
> Task :app:compileFullReleaseArtProfile UP-TO-DATE
> Task :app:mergeFullReleaseShaders UP-TO-DATE
> Task :app:compileFullReleaseShaders NO-SOURCE
> Task :app:generateFullReleaseAssets UP-TO-DATE
> Task :app:mergeFullReleaseAssets UP-TO-DATE
> Task :app:compressFullReleaseAssets UP-TO-DATE
> Task :app:processFullReleaseJavaRes UP-TO-DATE
> Task :app:mergeFullReleaseJavaResource UP-TO-DATE
> Task :app:collectFullReleaseDependencies UP-TO-DATE
> Task :app:sdkFullReleaseDependencyData UP-TO-DATE
> Task :app:validateSigningFullRelease
> Task :app:writeFullReleaseAppMetadata UP-TO-DATE
> Task :app:writeFullReleaseSigningConfigVersions UP-TO-DATE
> Task :app:generateLiteReleaseBuildConfig UP-TO-DATE
> Task :app:checkLiteReleaseAarMetadata UP-TO-DATE
> Task :app:generateLiteReleaseResValues UP-TO-DATE
> Task :app:mapLiteReleaseSourceSetPaths UP-TO-DATE
> Task :app:generateLiteReleaseResources UP-TO-DATE
> Task :app:mergeLiteReleaseResources UP-TO-DATE
> Task :app:packageLiteReleaseResources UP-TO-DATE
> Task :app:parseLiteReleaseLocalResources UP-TO-DATE
> Task :app:createLiteReleaseCompatibleScreenManifests
> Task :app:extractDeepLinksLiteRelease UP-TO-DATE
> Task :app:processLiteReleaseMainManifest UP-TO-DATE
> Task :app:processLiteReleaseManifest
> Task :app:processLiteReleaseManifestForPackage UP-TO-DATE
> Task :app:javaPreCompileLiteRelease UP-TO-DATE
> Task :app:mergeLiteReleaseJniLibFolders UP-TO-DATE
> Task :app:mergeLiteReleaseNativeLibs UP-TO-DATE
> Task :app:stripLiteReleaseDebugSymbols UP-TO-DATE
> Task :app:extractLiteReleaseNativeSymbolTables UP-TO-DATE
> Task :app:mergeLiteReleaseNativeDebugMetadata UP-TO-DATE
> Task :app:checkLiteReleaseDuplicateClasses UP-TO-DATE
> Task :app:desugarLiteReleaseFileDependencies UP-TO-DATE
> Task :app:mergeExtDexLiteRelease UP-TO-DATE
> Task :app:mergeLiteReleaseArtProfile UP-TO-DATE
> Task :app:mergeLiteReleaseShaders UP-TO-DATE
> Task :app:compileLiteReleaseShaders NO-SOURCE
> Task :app:generateLiteReleaseAssets UP-TO-DATE
> Task :app:mergeLiteReleaseAssets UP-TO-DATE
> Task :app:compressLiteReleaseAssets UP-TO-DATE
> Task :app:collectLiteReleaseDependencies UP-TO-DATE
> Task :app:sdkLiteReleaseDependencyData UP-TO-DATE
> Task :app:validateSigningLiteRelease
> Task :app:writeLiteReleaseAppMetadata UP-TO-DATE
> Task :app:writeLiteReleaseSigningConfigVersions UP-TO-DATE
> Task :app:optimizeFullReleaseResources
> Task :app:processLiteReleaseResources
> Task :app:compileLiteReleaseKotlin UP-TO-DATE
> Task :app:compileLiteReleaseJavaWithJavac UP-TO-DATE
> Task :app:generateLiteReleaseLintVitalReportModel UP-TO-DATE
> Task :app:lintVitalAnalyzeLiteRelease UP-TO-DATE
> Task :app:lintVitalReportLiteRelease UP-TO-DATE
> Task :app:lintVitalLiteRelease
> Task :app:dexBuilderLiteRelease UP-TO-DATE
> Task :app:mergeDexLiteRelease UP-TO-DATE
> Task :app:mergeLiteReleaseGlobalSynthetics UP-TO-DATE
> Task :app:compileLiteReleaseArtProfile UP-TO-DATE
> Task :app:processLiteReleaseJavaRes UP-TO-DATE
> Task :app:mergeLiteReleaseJavaResource UP-TO-DATE
> Task :app:optimizeLiteReleaseResources
> Task :app:packageFullRelease
> Task :app:createFullReleaseApkListingFileRedirect
> Task :app:assembleFullRelease
> Task :app:packageLiteRelease
> Task :app:createLiteReleaseApkListingFileRedirect
> Task :app:assembleLiteRelease

BUILD SUCCESSFUL in 18s
97 actionable tasks: 19 executed, 78 up-to-date
