Starting a Gradle Daemon, 1 incompatible and 6 stopped Daemons could not be reused, use --status for details
> Task :app:preBuild UP-TO-DATE
> Task :app:preFullDebugBuild UP-TO-DATE
> Task :app:mergeFullDebugNativeDebugMetadata NO-SOURCE
> Task :app:checkKotlinGradlePluginConfigurationErrors
> Task :app:generateFullDebugBuildConfig UP-TO-DATE
> Task :app:checkFullDebugAarMetadata UP-TO-DATE
> Task :app:generateFullDebugResValues UP-TO-DATE
> Task :app:mapFullDebugSourceSetPaths UP-TO-DATE
> Task :app:generateFullDebugResources UP-TO-DATE
> Task :app:mergeFullDebugResources UP-TO-DATE
> Task :app:packageFullDebugResources UP-TO-DATE
> Task :app:parseFullDebugLocalResources UP-TO-DATE
> Task :app:createFullDebugCompatibleScreenManifests UP-TO-DATE
> Task :app:extractDeepLinksFullDebug UP-TO-DATE
> Task :app:processFullDebugMainManifest UP-TO-DATE
> Task :app:processFullDebugManifest UP-TO-DATE
> Task :app:processFullDebugManifestForPackage UP-TO-DATE
> Task :app:processFullDebugResources UP-TO-DATE
> Task :app:compileFullDebugKotlin UP-TO-DATE
> Task :app:javaPreCompileFullDebug UP-TO-DATE
> Task :app:compileFullDebugJavaWithJavac UP-TO-DATE
> Task :app:mergeFullDebugShaders UP-TO-DATE
> Task :app:compileFullDebugShaders NO-SOURCE
> Task :app:generateFullDebugAssets UP-TO-DATE
> Task :app:mergeFullDebugAssets
> Task :app:compressFullDebugAssets
> Task :app:desugarFullDebugFileDependencies UP-TO-DATE
> Task :app:checkFullDebugDuplicateClasses
> Task :app:dexBuilderFullDebug
> Task :app:mergeFullDebugGlobalSynthetics UP-TO-DATE
> Task :app:processFullDebugJavaRes
> Task :app:mergeLibDexFullDebug UP-TO-DATE
> Task :app:preLiteDebugBuild UP-TO-DATE
> Task :app:configureCMakeDebug[arm64-v8a]
> Task :app:buildCMakeDebug[arm64-v8a]
> Task :app:mergeFullDebugJniLibFolders UP-TO-DATE
> Task :app:mergeProjectDexFullDebug
> Task :app:validateSigningFullDebug UP-TO-DATE
> Task :app:writeFullDebugAppMetadata UP-TO-DATE
> Task :app:writeFullDebugSigningConfigVersions UP-TO-DATE
> Task :app:mergeFullDebugNativeLibs
> Task :app:stripFullDebugDebugSymbols
> Task :app:mergeFullDebugJavaResource
> Task :app:mergeExtDexFullDebug
> Task :app:packageFullDebug
> Task :app:createFullDebugApkListingFileRedirect UP-TO-DATE
> Task :app:assembleFullDebug

BUILD SUCCESSFUL in 39s
39 actionable tasks: 14 executed, 25 up-to-date
