Starting a Gradle Daemon, 1 incompatible and 3 stopped Daemons could not be reused, use --status for details
> Task :app:checkKotlinGradlePluginConfigurationErrors
> Task :app:preBuild UP-TO-DATE
> Task :app:preFullDebugBuild UP-TO-DATE
> Task :app:generateFullDebugBuildConfig UP-TO-DATE
> Task :app:checkFullDebugAarMetadata UP-TO-DATE
> Task :app:generateFullDebugResValues UP-TO-DATE
> Task :app:mapFullDebugSourceSetPaths UP-TO-DATE
> Task :app:generateFullDebugResources UP-TO-DATE
> Task :app:mergeFullDebugResources UP-TO-DATE
> Task :app:packageFullDebugResources UP-TO-DATE
> Task :app:parseFullDebugLocalResources UP-TO-DATE
> Task :app:createFullDebugCompatibleScreenManifests UP-TO-DATE
> Task :app:extractDeepLinksFullDebug UP-TO-DATE
> Task :app:processFullDebugMainManifest UP-TO-DATE
> Task :app:processFullDebugManifest UP-TO-DATE
> Task :app:processFullDebugManifestForPackage UP-TO-DATE
> Task :app:processFullDebugResources UP-TO-DATE

> Task :app:compileFullDebugKotlin
w: file:///G:/WorkBuddy/SolaraAndroid/app/src/main/java/com/solara/music/customsource/CustomSourceSandbox.kt:92:14 Parameter 'appContext' is never used
w: file:///G:/WorkBuddy/SolaraAndroid/app/src/main/java/com/solara/music/customsource/CustomSourceSandbox.kt:289:39 Unsafe use of a nullable receiver of type Any?
w: file:///G:/WorkBuddy/SolaraAndroid/app/src/main/java/com/solara/music/customsource/CustomSourceSandbox.kt:370:23 Parameter 'err' is never used, could be renamed to _
w: file:///G:/WorkBuddy/SolaraAndroid/app/src/main/java/com/solara/music/player/PlayerManager.kt:861:72 There is more than one label with such a name in this scope

BUILD SUCCESSFUL in 19s
15 actionable tasks: 2 executed, 13 up-to-date
