Starting a Gradle Daemon, 1 incompatible and 1 stopped Daemons could not be reused, use --status for details
> Task :app:checkKotlinGradlePluginConfigurationErrors
> Task :app:preBuild UP-TO-DATE
> Task :app:preFullDebugBuild UP-TO-DATE
> Task :app:generateFullDebugBuildConfig
> Task :app:checkFullDebugAarMetadata UP-TO-DATE
> Task :app:generateFullDebugResValues UP-TO-DATE
> Task :app:mapFullDebugSourceSetPaths UP-TO-DATE
> Task :app:generateFullDebugResources UP-TO-DATE
> Task :app:mergeFullDebugResources UP-TO-DATE
> Task :app:packageFullDebugResources UP-TO-DATE
> Task :app:parseFullDebugLocalResources UP-TO-DATE
> Task :app:createFullDebugCompatibleScreenManifests
> Task :app:extractDeepLinksFullDebug UP-TO-DATE
> Task :app:processFullDebugMainManifest
> Task :app:processFullDebugManifest
> Task :app:processFullDebugManifestForPackage
> Task :app:processFullDebugResources

> Task :app:compileFullDebugKotlin
w: file:///G:/WorkBuddy/SolaraAndroid/app/src/main/java/com/solara/music/ui/player/PlayerScreen.kt:602:44 Unnecessary safe call on a non-null receiver of type Song?
w: file:///G:/WorkBuddy/SolaraAndroid/app/src/main/java/com/solara/music/ui/about/AboutScreen.kt:93:9 Variable 'context' is never used

BUILD SUCCESSFUL in 29s
15 actionable tasks: 8 executed, 7 up-to-date
